16:13:41 [INFO] [OK] Log de esta corrida: D:\VisualCode\Tesis\deforestation-forecast\data\logs\o4_run_debug_2026-06-29_16-13-41.log
16:13:41 [INFO] ======================================================================
16:13:41 [INFO] O4 — GENERALIZACIÓN ESPACIAL (R12, R13, R14)
16:13:41 [INFO] ======================================================================
16:13:41 [INFO] [PASO 1] R12 — Dataset de generalización
16:13:41 [INFO] [SKIP] R12 ya verificado — cargando reporte existente
16:13:41 [INFO] [PASO 2] R13 — Pronósticos en las zonas nuevas
16:13:41 [INFO] [SKIP] Pronósticos CNN de generalización ya existen.
16:13:41 [INFO] [SKIP] Pronóstico 2025 de generalización ya existe.
16:13:41 [INFO] [PASO 3] R14 — Análisis y gráficos del informe
16:13:41 [INFO] ======================================================================
16:13:41 [INFO] R14 — Análisis de generalización espacial
16:13:41 [INFO] [OK] CSV guardado: D:\VisualCode\Tesis\deforestation-forecast\data\interim\O4\r14_informe\informe_generalizacion.csv
16:13:41 [INFO] 
modelo  rmse_en_muestra  mae_en_muestra  rmse_generalizacion  mae_generalizacion  diff_rmse_pct  diff_mae_pct
   CNN         0.010912         0.00774              0.01129            0.007862          3.464         1.576
16:13:41 [INFO] [OK] CSV guardado: D:\VisualCode\Tesis\deforestation-forecast\data\interim\O4\r14_informe\factores_generalizacion.csv
16:13:41 [INFO] 
modelo                     factor  n_zonas  r_pearson  p_pearson  r_spearman  p_spearman
   CNN           pct_agropecuario       20     0.1295     0.5865      0.2602      0.2680
   CNN                    pct_anp       20     0.3820     0.0965     -0.1655      0.4856
   CNN densidad_carreteras_km_km2       20     0.3636     0.1151     -0.0045      0.9849
   CNN       densidad_rios_km_km2       20     0.2293     0.3307      0.2393      0.3097
   CNN               elev_media_m       20    -0.3959     0.0840     -0.4962      0.0261
   CNN        pendiente_media_deg       20    -0.0779     0.7442     -0.1669      0.4818
16:13:41 [INFO] [OK] D:\VisualCode\Tesis\deforestation-forecast\data\interim\O4\r14_informe\grafico_en_muestra_vs_generalizacion.png
16:13:42 [INFO] [OK] D:\VisualCode\Tesis\deforestation-forecast\data\interim\O4\r14_informe\grafico_factores_territoriales.png
16:13:42 [INFO] [OK] D:\VisualCode\Tesis\deforestation-forecast\data\interim\O4\r14_informe\grafico_boxplot_departamento.png
16:13:43 [INFO] [OK] D:\VisualCode\Tesis\deforestation-forecast\data\interim\O4\r14_informe\grafico_mejor_peor_zona.png
16:13:43 [INFO] [OK] D:\VisualCode\Tesis\deforestation-forecast\data\interim\O4\r14_informe\informe_generalizacion.md
16:13:43 [INFO] [OK] R14 completado.
16:13:43 [INFO] ======================================================================
16:13:43 [INFO] O4 completado.
modelo  rmse_en_muestra  mae_en_muestra  rmse_generalizacion  mae_generalizacion  diff_rmse_pct  diff_mae_pct
   CNN         0.010912         0.00774              0.01129            0.007862          3.464         1.576
