02:41:43 [INFO] [OK] Log de esta corrida: D:\VisualCode\Tesis\deforestation-forecast\data\logs\o4_run_debug_2026-06-30_02-41-43.log
02:41:43 [INFO] ======================================================================
02:41:43 [INFO] O4 — GENERALIZACIÓN ESPACIAL (R12, R13, R14)
02:41:43 [INFO] ======================================================================
02:41:43 [INFO] [PASO 1] R12 — Dataset de generalización
02:41:43 [INFO] [SKIP] R12 ya verificado — cargando reporte existente
02:41:43 [INFO] [PASO 2] R13 — Pronósticos en las zonas nuevas
02:41:43 [INFO] [SKIP] Pronósticos CNN de generalización ya existen.
02:41:43 [INFO] ======================================================================
02:41:43 [INFO] CNN (R11) — Pronóstico 2025 en las 20 zonas de generalización
02:41:43 [INFO] Cargando panel: D:\VisualCode\Tesis\deforestation-forecast\data\interim\O3\panel-integrado\panel_integrado_generalizacion.csv
02:41:43 [INFO] Panel: 20 distritos × 40 años (1985–2024) × 7 canales
02:41:43 [INFO] Panel construido: shape=(20, 40, 7), dtype=float32
02:41:43 [INFO]   log1p aplicado a canal 2 (pct_anp)
02:41:43 [INFO]   log1p aplicado a canal 3 (densidad_carreteras_km_km2)
02:41:43 [INFO]   log1p aplicado a canal 4 (densidad_rios_km_km2)
02:41:43 [INFO] [OK] Escalador cargado: D:\VisualCode\Tesis\deforestation-forecast\data\interim\O3\modelos\escalador\escalador_standard.pkl
02:41:43 [INFO] Panel escalado: shape=(20, 40, 7)
02:41:43 [INFO] CNN: cargando D:\VisualCode\Tesis\deforestation-forecast\data\interim\O3\modelos\cnn\cnn_final_model.pth
02:41:43 [INFO] [OK] CNN: 20 distritos (window_size=6)
02:41:43 [INFO] [OK] CSV guardado: D:\VisualCode\Tesis\deforestation-forecast\data\interim\O4\r13_pronosticos\cnn_generalizacion_deforestacion_2025.csv
02:41:43 [INFO] [OK] D:\VisualCode\Tesis\deforestation-forecast\data\interim\O4\r13_pronosticos\cnn_generalizacion_deforestacion_2025.csv — 20 zonas de generalización.
02:41:43 [INFO] [PASO 3] R14 — Análisis y gráficos del informe
02:41:43 [INFO] [SKIP] R14 ya generado — cargando informe existente
02:41:43 [INFO] ======================================================================
02:41:43 [INFO] O4 completado.
modelo  n_distritos_en_muestra  n_predicciones_en_muestra  rmse_en_muestra  mae_en_muestra  n_distritos_generalizacion  n_predicciones_generalizacion  rmse_generalizacion  mae_generalizacion  diff_rmse_pct  diff_mae_pct
   CNN                     180                        900         0.010912         0.00774                          20                            100              0.01129            0.007862          3.464         1.576
